> Task :app:checkKotlinGradlePluginConfigurationErrors SKIPPED
> Task :app:preBuild UP-TO-DATE
> Task :app:preDebugBuild UP-TO-DATE
> Task :app:generateDebugBuildConfig UP-TO-DATE
> Task :app:checkDebugAarMetadata UP-TO-DATE
> Task :app:processDebugNavigationResources UP-TO-DATE
> Task :app:compileDebugNavigationResources UP-TO-DATE
> Task :app:generateDebugResValues UP-TO-DATE
> Task :app:processDebugGoogleServices UP-TO-DATE
> Task :app:mapDebugSourceSetPaths UP-TO-DATE
> Task :app:generateDebugResources UP-TO-DATE
> Task :app:mergeDebugResources UP-TO-DATE
> Task :app:packageDebugResources UP-TO-DATE
> Task :app:parseDebugLocalResources UP-TO-DATE
> Task :app:createDebugCompatibleScreenManifests UP-TO-DATE
> Task :app:extractDeepLinksDebug UP-TO-DATE
> Task :app:processDebugMainManifest
> Task :app:processDebugManifest
> Task :app:processDebugManifestForPackage
> Task :app:processDebugResources

> Task :app:compileDebugKotlin
w: file:///D:/Projects/Mobile%20Development/Uybek/app/src/main/java/uz/angrykitten/uybek/MainActivity.kt:33:28 'var statusBarColor: Int' is deprecated. Deprecated in Java.
w: file:///D:/Projects/Mobile%20Development/Uybek/app/src/main/java/uz/angrykitten/uybek/ui/components/PropertyCard.kt:207:17 'fun Divider(modifier: Modifier = ..., thickness: Dp = ..., color: Color = ...): Unit' is deprecated. Renamed to HorizontalDivider.
w: file:///D:/Projects/Mobile%20Development/Uybek/app/src/main/java/uz/angrykitten/uybek/ui/navigation/Screen.kt:43:53 'val Icons.Filled.Chat: ImageVector' is deprecated. Use the AutoMirrored version at Icons.AutoMirrored.Filled.Chat.
w: file:///D:/Projects/Mobile%20Development/Uybek/app/src/main/java/uz/angrykitten/uybek/ui/navigation/Screen.kt:43:74 'val Icons.Outlined.Chat: ImageVector' is deprecated. Use the AutoMirrored version at Icons.AutoMirrored.Outlined.Chat.
w: file:///D:/Projects/Mobile%20Development/Uybek/app/src/main/java/uz/angrykitten/uybek/ui/screens/AuthScreens.kt:154:36 'val Icons.Filled.ArrowForward: ImageVector' is deprecated. Use the AutoMirrored version at Icons.AutoMirrored.Filled.ArrowForward.
w: file:///D:/Projects/Mobile%20Development/Uybek/app/src/main/java/uz/angrykitten/uybek/ui/screens/ChatScreens.kt:105:44 'val Icons.Filled.Chat: ImageVector' is deprecated. Use the AutoMirrored version at Icons.AutoMirrored.Filled.Chat.
w: file:///D:/Projects/Mobile%20Development/Uybek/app/src/main/java/uz/angrykitten/uybek/ui/screens/InfoScreens.kt:91:44 'val Icons.Filled.HelpOutline: ImageVector' is deprecated. Use the AutoMirrored version at Icons.AutoMirrored.Filled.HelpOutline.
w: file:///D:/Projects/Mobile%20Development/Uybek/app/src/main/java/uz/angrykitten/uybek/ui/screens/MyListingsScreen.kt:44:44 'val Icons.Filled.ArrowBack: ImageVector' is deprecated. Use the AutoMirrored version at Icons.AutoMirrored.Filled.ArrowBack.
w: file:///D:/Projects/Mobile%20Development/Uybek/app/src/main/java/uz/angrykitten/uybek/ui/screens/PostListingScreen.kt:194:44 'val Icons.Filled.ArrowBack: ImageVector' is deprecated. Use the AutoMirrored version at Icons.AutoMirrored.Filled.ArrowBack.
w: file:///D:/Projects/Mobile%20Development/Uybek/app/src/main/java/uz/angrykitten/uybek/ui/screens/PostListingScreen.kt:255:44 'val Icons.Filled.ArrowForward: ImageVector' is deprecated. Use the AutoMirrored version at Icons.AutoMirrored.Filled.ArrowForward.
w: file:///D:/Projects/Mobile%20Development/Uybek/app/src/main/java/uz/angrykitten/uybek/ui/screens/PostListingScreen.kt:406:52 'fun Modifier.menuAnchor(): Modifier' is deprecated. Use overload that takes MenuAnchorType and enabled parameters.
w: file:///D:/Projects/Mobile%20Development/Uybek/app/src/main/java/uz/angrykitten/uybek/ui/screens/PostListingScreen.kt:429:52 'fun Modifier.menuAnchor(): Modifier' is deprecated. Use overload that takes MenuAnchorType and enabled parameters.
w: file:///D:/Projects/Mobile%20Development/Uybek/app/src/main/java/uz/angrykitten/uybek/ui/screens/ProfileScreen.kt:261:42 'val Icons.Filled.List: ImageVector' is deprecated. Use the AutoMirrored version at Icons.AutoMirrored.Filled.List.
w: file:///D:/Projects/Mobile%20Development/Uybek/app/src/main/java/uz/angrykitten/uybek/ui/screens/ProfileScreen.kt:312:38 'val Icons.Filled.Help: ImageVector' is deprecated. Use the AutoMirrored version at Icons.AutoMirrored.Filled.Help.
w: file:///D:/Projects/Mobile%20Development/Uybek/app/src/main/java/uz/angrykitten/uybek/ui/screens/ProfileScreen.kt:345:44 'val Icons.Filled.Logout: ImageVector' is deprecated. Use the AutoMirrored version at Icons.AutoMirrored.Filled.Logout.
w: file:///D:/Projects/Mobile%20Development/Uybek/app/src/main/java/uz/angrykitten/uybek/ui/screens/PropertyDetailScreen.kt:293:13 'fun Divider(modifier: Modifier = ..., thickness: Dp = ..., color: Color = ...): Unit' is deprecated. Renamed to HorizontalDivider.
w: file:///D:/Projects/Mobile%20Development/Uybek/app/src/main/java/uz/angrykitten/uybek/ui/screens/PropertyDetailScreen.kt:340:13 'fun Divider(modifier: Modifier = ..., thickness: Dp = ..., color: Color = ...): Unit' is deprecated. Renamed to HorizontalDivider.
w: file:///D:/Projects/Mobile%20Development/Uybek/app/src/main/java/uz/angrykitten/uybek/ui/screens/PropertyDetailScreen.kt:366:13 'fun Divider(modifier: Modifier = ..., thickness: Dp = ..., color: Color = ...): Unit' is deprecated. Renamed to HorizontalDivider.
w: file:///D:/Projects/Mobile%20Development/Uybek/app/src/main/java/uz/angrykitten/uybek/ui/screens/PropertyDetailScreen.kt:441:48 'val Icons.Filled.Chat: ImageVector' is deprecated. Use the AutoMirrored version at Icons.AutoMirrored.Filled.Chat.
w: file:///D:/Projects/Mobile%20Development/Uybek/app/src/main/java/uz/angrykitten/uybek/ui/screens/SellerProfileScreen.kt:131:60 'val Icons.Filled.Send: ImageVector' is deprecated. Use the AutoMirrored version at Icons.AutoMirrored.Filled.Send.
w: file:///D:/Projects/Mobile%20Development/Uybek/app/src/main/java/uz/angrykitten/uybek/ui/screens/SellerProfileScreen.kt:148:52 'val Icons.Filled.Chat: ImageVector' is deprecated. Use the AutoMirrored version at Icons.AutoMirrored.Filled.Chat.
w: Detected multiple Kotlin daemon sessions at 

BUILD SUCCESSFUL in 18s
18 actionable tasks: 5 executed, 13 up-to-date
